105ns                         Dut1 IN 1000 OUT 5010
110ns Dut0 IN 5010 OUT 1001
120ns Dut0 IN 5010 OUT 1002
130ns Dut0 IN 5010 OUT 1003
140ns                         Dut1 IN 1003 OUT 5020
140ns Dut0 IN 5010 OUT 1004
150ns Dut0 IN 5020 OUT 1005
160ns Dut0 IN 5020 OUT 1006
170ns Dut0 IN 5020 OUT 1007
175ns                         Dut1 IN 1007 OUT 5030
180ns Dut0 IN 5030 OUT 1008
190ns Dut0 IN 5030 OUT 1009
200ns Dut0 IN 5030 OUT 1010
210ns                         Dut1 IN 1010 OUT 5040
210ns Dut0 IN 5030 OUT 1011
220ns Dut0 IN 5040 OUT 1012
230ns Dut0 IN 5040 OUT 1013
240ns Dut0 IN 5040 OUT 1014
245ns                         Dut1 IN 1014 OUT 5050
250ns Dut0 IN 5050 OUT 1015
260ns Dut0 IN 5050 OUT 1016
270ns Dut0 IN 5050 OUT 1017
280ns                         Dut1 IN 1017 OUT 5060
280ns Dut0 IN 5050 OUT 1018
290ns Dut0 IN 5060 OUT 1019
300ns Dut0 IN 5060 OUT 1020
310ns Dut0 IN 5060 OUT 1021
315ns                         Dut1 IN 1021 OUT 5070
320ns Dut0 IN 5070 OUT 1022
330ns Dut0 IN 5070 OUT 1023
340ns Dut0 IN 5070 OUT 1024
350ns                         Dut1 IN 1024 OUT 5080
350ns Dut0 IN 5070 OUT 1025
360ns Dut0 IN 5080 OUT 1026
370ns Dut0 IN 5080 OUT 1027
380ns Dut0 IN 5080 OUT 1028
385ns                         Dut1 IN 1028 OUT 5090
390ns Dut0 IN 5090 OUT 1029
400ns Dut0 IN 5090 OUT 1030
410ns Dut0 IN 5090 OUT 1031
420ns                         Dut1 IN 1031 OUT 5100
420ns Dut0 IN 5090 OUT 1032
430ns Dut0 IN 5100 OUT 1033
440ns Dut0 IN 5100 OUT 1034
450ns Dut0 IN 5100 OUT 1035
455ns                         Dut1 IN 1035 OUT 5110
460ns Dut0 IN 5110 OUT 1036
470ns Dut0 IN 5110 OUT 1037
480ns Dut0 IN 5110 OUT 1038
490ns                         Dut1 IN 1038 OUT 5120
490ns Dut0 IN 5110 OUT 1039
500ns Dut0 IN 5120 OUT 1040
510ns Dut0 IN 5120 OUT 1041
520ns Dut0 IN 5120 OUT 1042
525ns                         Dut1 IN 1042 OUT 5130
530ns Dut0 IN 5130 OUT 1043
540ns Dut0 IN 5130 OUT 1044
550ns Dut0 IN 5130 OUT 1045
560ns                         Dut1 IN 1045 OUT 5140
560ns Dut0 IN 5130 OUT 1046
570ns Dut0 IN 5140 OUT 1047
580ns Dut0 IN 5140 OUT 1048
590ns Dut0 IN 5140 OUT 1049
595ns                         Dut1 IN 1049 OUT 5150
600ns Dut0 IN 5150 OUT 1050
610ns Dut0 IN 5150 OUT 1051
620ns Dut0 IN 5150 OUT 1052
630ns                         Dut1 IN 1052 OUT 5160
630ns Dut0 IN 5150 OUT 1053
640ns Dut0 IN 5160 OUT 1054
650ns Dut0 IN 5160 OUT 1055
660ns Dut0 IN 5160 OUT 1056
665ns                         Dut1 IN 1056 OUT 5170
670ns Dut0 IN 5170 OUT 1057
680ns Dut0 IN 5170 OUT 1058
690ns Dut0 IN 5170 OUT 1059
700ns                         Dut1 IN 1059 OUT 5180
700ns Dut0 IN 5170 OUT 1060
710ns Dut0 IN 5180 OUT 1061
720ns Dut0 IN 5180 OUT 1062
730ns Dut0 IN 5180 OUT 1063
735ns                         Dut1 IN 1063 OUT 5190
740ns Dut0 IN 5190 OUT 1064
750ns Dut0 IN 5190 OUT 1065
760ns Dut0 IN 5190 OUT 1066
770ns                         Dut1 IN 1066 OUT 5200
770ns Dut0 IN 5190 OUT 1067
780ns Dut0 IN 5200 OUT 1068
790ns Dut0 IN 5200 OUT 1069
800ns Dut0 IN 5200 OUT 1070
805ns                         Dut1 IN 1070 OUT 5210
810ns Dut0 IN 5210 OUT 1071
820ns Dut0 IN 5210 OUT 1072
830ns Dut0 IN 5210 OUT 1073
840ns                         Dut1 IN 1073 OUT 5220
840ns Dut0 IN 5210 OUT 1074
850ns Dut0 IN 5220 OUT 1075
860ns Dut0 IN 5220 OUT 1076
870ns Dut0 IN 5220 OUT 1077
875ns                         Dut1 IN 1077 OUT 5230
880ns Dut0 IN 5230 OUT 1078
890ns Dut0 IN 5230 OUT 1079
900ns Dut0 IN 5230 OUT 1080
910ns                         Dut1 IN 1080 OUT 5240
910ns Dut0 IN 5230 OUT 1081
920ns Dut0 IN 5240 OUT 1082
930ns Dut0 IN 5240 OUT 1083
940ns Dut0 IN 5240 OUT 1084
945ns                         Dut1 IN 1084 OUT 5250
950ns Dut0 IN 5250 OUT 1085
960ns Dut0 IN 5250 OUT 1086
970ns Dut0 IN 5250 OUT 1087
980ns                         Dut1 IN 1087 OUT 5260
980ns Dut0 IN 5250 OUT 1088
990ns Dut0 IN 5260 OUT 1089
1000ns Dut0 IN 5260 OUT 1090
1010ns Dut0 IN 5260 OUT 1091
1015ns                         Dut1 IN 1091 OUT 5270
1020ns Dut0 IN 5270 OUT 1092
1030ns Dut0 IN 5270 OUT 1093
1040ns Dut0 IN 5270 OUT 1094
1050ns                         Dut1 IN 1094 OUT 5280
1050ns Dut0 IN 5270 OUT 1095
1060ns Dut0 IN 5280 OUT 1096
1070ns Dut0 IN 5280 OUT 1097
1080ns Dut0 IN 5280 OUT 1098
1085ns                         Dut1 IN 1098 OUT 5290
1090ns Dut0 IN 5290 OUT 1099
1100ns Dut0 IN 5290 OUT 1100
